=== BATCH HEALTH CHECK REPORT ===
Time: Thu Sep 17 00:00:08 IST 2026

1. STATUS
Manifest Counts: {'success': 111, 'skipped_too_large': 8}
Document.md files found: 111

2. PROCESS
process_docs.py running: True
docling-batch tmux alive: True
Current processing: 2026-09-16 20:10:05,289 | INFO | START: The Visual Investor - How to Spot Market Trends 2nd edition 2009.pdf

3. SANITY CHECKS
Success entries have documents: PASS (0 missing)
Success entries are non-empty: PASS (0 empty)
Byte-identical docs: NOTE (skipped for performance, source PDF diffs ignored)
Error entries have message: PASS (0 without msg)

4. FIX
No fixes needed.

5. REPORT DATA
Disk: /dev/root        29G   26G  2.9G  90% /
=== BATCH HEALTH CHECK REPORT ===
Time: Thu Sep 17 05:00:05 IST 2026

1. STATUS
Manifest Counts: {'success': 113, 'skipped_too_large': 8}
Document.md files found: 113

2. PROCESS
process_docs.py running: True
docling-batch tmux alive: True
Current processing: 2026-09-17 02:58:26,741 | INFO | START: Timing Solutions for Swing Traders - Successful Trading Using Technical Analysis and Financial Astrology 2012.pdf

3. SANITY CHECKS
Success entries have documents: PASS (0 missing)
Success entries are non-empty: PASS (0 empty)
Byte-identical docs: NOTE (skipped for performance, source PDF diffs ignored)
Error entries have message: PASS (0 without msg)

4. FIX
No fixes needed.

5. REPORT DATA
Disk: /dev/root        29G   26G  2.9G  90% /
=== BATCH HEALTH CHECK REPORT ===
Time: Thu Sep 17 10:00:04 IST 2026

1. STATUS
Manifest Counts: {'success': 115, 'skipped_too_large': 8}
Document.md files found: 115

2. PROCESS
process_docs.py running: True
docling-batch tmux alive: True
Current processing: 2026-09-17 07:35:04,848 | INFO | START: Trade Like a Pro - 15 High-Profit Trading Strategies 2009.pdf

3. SANITY CHECKS
Success entries have documents: PASS (0 missing)
Success entries are non-empty: PASS (0 empty)
Byte-identical docs: NOTE (skipped for performance, source PDF diffs ignored)
Error entries have message: PASS (0 without msg)

4. FIX
No fixes needed.

5. REPORT DATA
Disk: /dev/root        29G   25G  3.2G  89% /
=== BATCH HEALTH CHECK REPORT ===
Time: Thu Sep 17 15:00:08 IST 2026

1. STATUS
Manifest Counts: {'success': 115, 'skipped_too_large': 8}
Document.md files found: 115

2. PROCESS
process_docs.py running: True
docling-batch tmux alive: True
Current processing: 2026-09-17 07:35:04,848 | INFO | START: Trade Like a Pro - 15 High-Profit Trading Strategies 2009.pdf

3. SANITY CHECKS
Success entries have documents: PASS (0 missing)
Success entries are non-empty: PASS (0 empty)
Byte-identical docs: NOTE (skipped for performance, source PDF diffs ignored)
Error entries have message: PASS (0 without msg)

4. FIX
No fixes needed.

5. REPORT DATA
Disk: /dev/root        29G   26G  3.1G  90% /
=== BATCH HEALTH CHECK REPORT ===
Time: Thu Sep 17 20:00:05 IST 2026

1. STATUS
Manifest Counts: {'success': 115, 'skipped_too_large': 8}
Document.md files found: 115

2. PROCESS
process_docs.py running: True
docling-batch tmux alive: True
Current processing: 2026-09-17 07:35:04,848 | INFO | START: Trade Like a Pro - 15 High-Profit Trading Strategies 2009.pdf

3. SANITY CHECKS
Success entries have documents: PASS (0 missing)
Success entries are non-empty: PASS (0 empty)
Byte-identical docs: NOTE (skipped for performance, source PDF diffs ignored)
Error entries have message: PASS (0 without msg)

4. FIX
No fixes needed.

5. REPORT DATA
Disk: /dev/root        29G   26G  3.0G  90% /
=== BATCH HEALTH CHECK REPORT ===
Time: Fri Sep 18 00:00:08 IST 2026

1. STATUS
Manifest Counts: {'success': 117, 'skipped_too_large': 8}
Document.md files found: 117

2. PROCESS
process_docs.py running: True
docling-batch tmux alive: True
Current processing: 2026-09-17 23:54:19,720 | INFO | START: Trade Your Way to Financial Freedom 2 edition 2006.pdf

3. SANITY CHECKS
Success entries have documents: PASS (0 missing)
Success entries are non-empty: PASS (0 empty)
Byte-identical docs: NOTE (skipped for performance, source PDF diffs ignored)
Error entries have message: PASS (0 without msg)

4. FIX
No fixes needed.

5. REPORT DATA
Disk: /dev/root        29G   26G  3.0G  90% /
=== BATCH HEALTH CHECK REPORT ===
Time: Fri Sep 18 05:00:07 IST 2026

1. STATUS
Manifest Counts: {'success': 117, 'skipped_too_large': 8}
Document.md files found: 117

2. PROCESS
process_docs.py running: True
docling-batch tmux alive: True
Current processing: 2026-09-17 23:54:19,720 | INFO | START: Trade Your Way to Financial Freedom 2 edition 2006.pdf

3. SANITY CHECKS
Success entries have documents: PASS (0 missing)
Success entries are non-empty: PASS (0 empty)
Byte-identical docs: NOTE (skipped for performance, source PDF diffs ignored)
Error entries have message: PASS (0 without msg)

4. FIX
No fixes needed.

5. REPORT DATA
Disk: /dev/root        29G   26G  3.0G  90% /
=== BATCH HEALTH CHECK REPORT ===
Time: Fri Sep 18 10:00:07 IST 2026

1. STATUS
Manifest Counts: {'success': 117, 'skipped_too_large': 8}
Document.md files found: 117

2. PROCESS
process_docs.py running: True
docling-batch tmux alive: True
Current processing: 2026-09-17 23:54:19,720 | INFO | START: Trade Your Way to Financial Freedom 2 edition 2006.pdf

3. SANITY CHECKS
Success entries have documents: PASS (0 missing)
Success entries are non-empty: PASS (0 empty)
Byte-identical docs: NOTE (skipped for performance, source PDF diffs ignored)
Error entries have message: PASS (0 without msg)

4. FIX
No fixes needed.

5. REPORT DATA
Disk: /dev/root        29G   26G  3.0G  90% /
=== BATCH HEALTH CHECK REPORT ===
Time: Fri Sep 18 15:00:06 IST 2026

1. STATUS
Manifest Counts: {'success': 117, 'skipped_too_large': 8}
Document.md files found: 117

2. PROCESS
process_docs.py running: True
docling-batch tmux alive: True
Current processing: 2026-09-17 23:54:19,720 | INFO | START: Trade Your Way to Financial Freedom 2 edition 2006.pdf

3. SANITY CHECKS
Success entries have documents: PASS (0 missing)
Success entries are non-empty: PASS (0 empty)
Byte-identical docs: NOTE (skipped for performance, source PDF diffs ignored)
Error entries have message: PASS (0 without msg)

4. FIX
No fixes needed.

5. REPORT DATA
Disk: /dev/root        29G   26G  3.0G  90% /
=== BATCH HEALTH CHECK REPORT ===
Time: Fri Sep 18 20:00:02 IST 2026

1. STATUS
Manifest Counts: {'success': 118, 'skipped_too_large': 8}
Document.md files found: 118

2. PROCESS
process_docs.py running: False
docling-batch tmux alive: True
Current processing: 2026-09-18 16:47:07,466 | INFO | START: Trade Your Way to Financial Freedom 2nd edition 2006.pdf

3. SANITY CHECKS
Success entries have documents: PASS (0 missing)
Success entries are non-empty: PASS (0 empty)
Byte-identical docs: NOTE (skipped for performance, source PDF diffs ignored)
Error entries have message: PASS (0 without msg)

4. FIX

5. REPORT DATA
Disk: /dev/root        29G   26G  3.0G  90% /
=== BATCH HEALTH CHECK REPORT ===
Time: Sat Sep 19 00:00:02 IST 2026

1. STATUS
Manifest Counts: {'success': 118, 'skipped_too_large': 8}
Document.md files found: 118

2. PROCESS
process_docs.py running: False
docling-batch tmux alive: True
Current processing: 2026-09-18 16:47:07,466 | INFO | START: Trade Your Way to Financial Freedom 2nd edition 2006.pdf

3. SANITY CHECKS
Success entries have documents: PASS (0 missing)
Success entries are non-empty: PASS (0 empty)
Byte-identical docs: NOTE (skipped for performance, source PDF diffs ignored)
Error entries have message: PASS (0 without msg)

4. FIX

5. REPORT DATA
Disk: /dev/root        29G   26G  3.0G  90% /
=== BATCH HEALTH CHECK REPORT ===
Time: Sat Sep 19 05:00:01 IST 2026

1. STATUS
Manifest Counts: {'success': 118, 'skipped_too_large': 8}
Document.md files found: 118

2. PROCESS
process_docs.py running: False
docling-batch tmux alive: True
Current processing: 2026-09-18 16:47:07,466 | INFO | START: Trade Your Way to Financial Freedom 2nd edition 2006.pdf

3. SANITY CHECKS
Success entries have documents: PASS (0 missing)
Success entries are non-empty: PASS (0 empty)
Byte-identical docs: NOTE (skipped for performance, source PDF diffs ignored)
Error entries have message: PASS (0 without msg)

4. FIX

5. REPORT DATA
Disk: /dev/root        29G   26G  3.0G  90% /
=== BATCH HEALTH CHECK REPORT ===
Time: Sat Sep 19 10:00:01 IST 2026

1. STATUS
Manifest Counts: {'success': 118, 'skipped_too_large': 8}
Document.md files found: 118

2. PROCESS
process_docs.py running: False
docling-batch tmux alive: True
Current processing: 2026-09-18 16:47:07,466 | INFO | START: Trade Your Way to Financial Freedom 2nd edition 2006.pdf

3. SANITY CHECKS
Success entries have documents: PASS (0 missing)
Success entries are non-empty: PASS (0 empty)
Byte-identical docs: NOTE (skipped for performance, source PDF diffs ignored)
Error entries have message: PASS (0 without msg)

4. FIX

5. REPORT DATA
Disk: /dev/root        29G   26G  3.0G  90% /
=== BATCH HEALTH CHECK REPORT ===
Time: Sat Sep 19 15:00:01 IST 2026

1. STATUS
Manifest Counts: {'success': 118, 'skipped_too_large': 8}
Document.md files found: 118

2. PROCESS
process_docs.py running: False
docling-batch tmux alive: True
Current processing: 2026-09-18 16:47:07,466 | INFO | START: Trade Your Way to Financial Freedom 2nd edition 2006.pdf

3. SANITY CHECKS
Success entries have documents: PASS (0 missing)
Success entries are non-empty: PASS (0 empty)
Byte-identical docs: NOTE (skipped for performance, source PDF diffs ignored)
Error entries have message: PASS (0 without msg)

4. FIX

5. REPORT DATA
Disk: /dev/root        29G   26G  3.0G  90% /
=== BATCH HEALTH CHECK REPORT ===
Time: Sat Sep 19 20:00:01 IST 2026

1. STATUS
Manifest Counts: {'success': 118, 'skipped_too_large': 8}
Document.md files found: 118

2. PROCESS
process_docs.py running: False
docling-batch tmux alive: True
Current processing: 2026-09-18 16:47:07,466 | INFO | START: Trade Your Way to Financial Freedom 2nd edition 2006.pdf

3. SANITY CHECKS
Success entries have documents: PASS (0 missing)
Success entries are non-empty: PASS (0 empty)
Byte-identical docs: NOTE (skipped for performance, source PDF diffs ignored)
Error entries have message: PASS (0 without msg)

4. FIX

5. REPORT DATA
Disk: /dev/root        29G   26G  3.0G  90% /
=== BATCH HEALTH CHECK REPORT ===
Time: Sun Sep 20 00:00:02 IST 2026

1. STATUS
Manifest Counts: {'success': 118, 'skipped_too_large': 8}
Document.md files found: 118

2. PROCESS
process_docs.py running: False
docling-batch tmux alive: True
Current processing: 2026-09-18 16:47:07,466 | INFO | START: Trade Your Way to Financial Freedom 2nd edition 2006.pdf

3. SANITY CHECKS
Success entries have documents: PASS (0 missing)
Success entries are non-empty: PASS (0 empty)
Byte-identical docs: NOTE (skipped for performance, source PDF diffs ignored)
Error entries have message: PASS (0 without msg)

4. FIX

5. REPORT DATA
Disk: /dev/root        29G   26G  3.0G  90% /
=== BATCH HEALTH CHECK REPORT ===
Time: Sun Sep 20 05:00:01 IST 2026

1. STATUS
Manifest Counts: {'success': 118, 'skipped_too_large': 8}
Document.md files found: 118

2. PROCESS
process_docs.py running: False
docling-batch tmux alive: True
Current processing: 2026-09-18 16:47:07,466 | INFO | START: Trade Your Way to Financial Freedom 2nd edition 2006.pdf

3. SANITY CHECKS
Success entries have documents: PASS (0 missing)
Success entries are non-empty: PASS (0 empty)
Byte-identical docs: NOTE (skipped for performance, source PDF diffs ignored)
Error entries have message: PASS (0 without msg)

4. FIX

5. REPORT DATA
Disk: /dev/root        29G   26G  3.0G  90% /
=== BATCH HEALTH CHECK REPORT ===
Time: Sun Sep 20 10:00:01 IST 2026

1. STATUS
Manifest Counts: {'success': 118, 'skipped_too_large': 8}
Document.md files found: 118

2. PROCESS
process_docs.py running: False
docling-batch tmux alive: True
Current processing: 2026-09-18 16:47:07,466 | INFO | START: Trade Your Way to Financial Freedom 2nd edition 2006.pdf

3. SANITY CHECKS
Success entries have documents: PASS (0 missing)
Success entries are non-empty: PASS (0 empty)
Byte-identical docs: NOTE (skipped for performance, source PDF diffs ignored)
Error entries have message: PASS (0 without msg)

4. FIX

5. REPORT DATA
Disk: /dev/root        29G   26G  2.9G  90% /
